
~~~~~~~~~~~~~~~~~~~~~~~~~~~~~~~~~~~~~~~~~~~~~~~~~~~~~~~~~~~~~~~~~~~~~~~~~~~~~~~
testCatch is a Catch v1.2.1 host application.
Run with -? for options

-------------------------------------------------------------------------------
Test Cases for Compiler
  Test Case 1
-------------------------------------------------------------------------------
test/testCatch.cpp:7
...............................................................................

test/testCatch.cpp:34: FAILED:
  REQUIRE( corret_line.compare(compiled_line) == 0 )
with expansion:
  67 == 0

===============================================================================
test cases: 1 | 1 failed
assertions: 4 | 3 passed | 1 failed

